exports[`should map token names snapshot 1`] = `
{
  "7dhb_solana_c9e04412": "7dhb_solana_c9e04412",
  "7i5k_solana_c9e04412": "7i5k_solana_c9e04412",
  "9n4n_solana_c5cba5c4": "9n4n_solana_c5cba5c4",
  "aave": "aave_ethereum_d04eb00d",
  "adtoken": "adt_ethereum_8131e97a",
  "aeron": "arn_ethereum_2d6ccd6f",
  "agfe_solana_c5cba5c4": "agfe_solana_c5cba5c4",
  "agix_ethereum_84616c96": "agix_ethereum_84616c96",
  "aion": "aion_ethereum_d49345a6",
  "airswap": "ast_ethereum_14c20533",
  "alchemix": "alcx_ethereum_d3515123",
  "amber": "amb_ethereum_e04196bc",
  "amp": "amp_ethereum_cdaf2ad6",
  "ankr": "ankr_ethereum_9018be75",
  "ape": "ape_ethereum_d359e962",
  "api3": "api3_ethereum_7a65cc23",
  "appcoins": "appc_ethereum_25056685",
  "aragon": "ant_ethereum_72314d2d",
  "aragonv2": "ant_ethereum_3aee51c1",
  "audius": "audio_ethereum_18372fac",
  "audius_solana": "9lzc_solana_f3667535",
  "augur": "rep_ethereum_3fdfffd2",
  "augurv2": "repv2_ethereum_30d4f3b4",
  "aury_solana_c9e04412": "aury_solana_c9e04412",
  "axieinfinity": "axs_ethereum_6b9677ae",
  "axieinfinity_solana": "hysw_solana_bff11256",
  "babydoge_bsc": "babydoge_bsc_ee74eb55",
  "balancer": "bal_ethereum_4f66fd48",
  "bancor": "bnt_ethereum_20e5a6cf",
  "bat": "bat_ethereum_b7934267",
  "bdp_ethereum_5f2b653d": "bdp_ethereum_5f2b653d",
  "bit_ethereum_9656e191": "bit_ethereum_9656e191",
  "bittorrentv2": "btt_tronmainnet_657a399b",
  "bnktothefuture": "bft_ethereum_94a47e72",
  "bnx_bsc_f4f64b2a": "bnx_bsc_f4f64b2a",
  "bread": "brd_ethereum_2696c35d",
  "btt_tronmainnet_657a399b": "btt_tronmainnet_d01b9212",
  "busd": "busd_ethereum_5a6dce94",
  "busd_bsc": "busd_bsc_f1bbace2",
  "cdai": "cdai_ethereum_301d9321",
  "ceek_ethereum_63dd5f1b": "ceek_ethereum_63dd5f1b",
  "chainlink": "link_ethereum_1de4707a",
  "chainlink_solana": "cwe8_solana_56c1eea3",
  "chiliz": "chz_ethereum_7d1bc70b",
  "cindicator": "cnd_ethereum_1955748c",
  "civic": "cvc_ethereum_2f5c6204",
  "compound": "comp_ethereum_164ae603",
  "coti": "coti_ethereum_66ed5ad1",
  "cro": "cro_ethereum_7270bce5",
  "crv": "crv_ethereum_324ecafd",
  "cvx": "cvx_ethereum_1e8b46d9",
  "dai": "dai_ethereum_9b80ba24",
  "decentraland": "mana_ethereum_dc25738d",
  "dent": "dent_ethereum_6cf2defc",
  "dentacoin": "dcn_ethereum_f0601500",
  "dfl1_solana_943ad0f2": "dfl1_solana_943ad0f2",
  "district0x": "dnt_ethereum_539e1841",
  "dragon": "drgn_ethereum_9246a346",
  "dydx": "dydx_ethereum_6f4c37d6",
  "eche_solana_c5cba5c4": "eche_solana_c5cba5c4",
  "eden": "eden_algorand_041e5cb4",
  "edgeless": "edg_ethereum_5abec554",
  "enjincoin": "enj_ethereum_ea7dbca8",
  "ens": "ens_ethereum_1da5eae6",
  "ethos": "vgx_ethereum_15b0c4e6",
  "eurs_ethereum_32177ca7": "eurs_ethereum_32177ca7",
  "exit": "exit_algorand_f753428f",
  "fantom": "ftm_ethereum_39715df2",
  "firstblood": "1st_ethereum_f746a41e",
  "fox": "fox_ethereum_64ff416c",
  "frax": "frax_ethereum_355190f1",
  "frax_share": "fxs_ethereum_dc16fb9c",
  "ftxtoken": "ftxtoken_ethereum_bcd0649d",
  "funfair": "fun_ethereum_89a0503d",
  "gal_bsc": "gal_bsc_82558554",
  "geminidollar": "gusd_ethereum_1ea2a0d4",
  "gene_solana_c9e04412": "gene_solana_c9e04412",
  "genesisvision": "gvt_ethereum_d368675f",
  "gmt_bsc": "gmt_bsc_43f87dad",
  "gnosis": "gno_ethereum_7c320a44",
  "golem": "gnt_ethereum_09408ea3",
  "golemv2": "glm_ethereum_437f98b1",
  "gst_bsc": "gst_bsc_97672d7e",
  "holo": "hot_ethereum_78a69783",
  "huobi": "ht_ethereum_01ee9350",
  "iexec": "rlc_ethereum_ea0e0bb3",
  "illuvium": "ilv_ethereum_74990a9d",
  "imx": "imx_ethereum_d2bf304f",
  "jst_tronmainnet_3cfc4c81": "jst_tronmainnet_16327074",
  "just_tron": "jst_tronmainnet_3cfc4c81",
  "kinx_solana_bf1442d2": "kinx_solana_bf1442d2",
  "kyber": "knc_ethereum_7422ec5a",
  "kyberv2": "knc_ethereum_1be97263",
  "leo": "leo_ethereum_7de26dea",
  "lidodao": "ldo_ethereum_6d05833f",
  "livepeer": "lpt_ethereum_caa01658",
  "loom": "loom_ethereum_71fd8a0b",
  "loomv2": "loom_ethereum_4fd70cef",
  "loopring": "lrc_ethereum_30c4f5ae",
  "lunyr": "lun_ethereum_042aaff0",
  "lyxe_ethereum_00e25dfc": "lyxe_ethereum_00e25dfc",
  "maker": "mkr_ethereum_ed588880",
  "mang_solana_c5cba5c4": "mang_solana_c5cba5c4",
  "matchpool": "gup_ethereum_08639517",
  "mbox_bsc": "mbox_bsc_170f8863",
  "mcd": "dai_ethereum_bb8bf385",
  "mean_solana_c5cba5c4": "mean_solana_c5cba5c4",
  "medishares": "mds_ethereum_30eba278",
  "melonport": "mln_ethereum_821cadb0",
  "metal": "mtl_ethereum_8a55f7bd",
  "mithril": "mith_ethereum_7439ce36",
  "monaco": "mco_ethereum_a0d4844e",
  "msol_solana_c9e04412": "msol_solana_c9e04412",
  "numeraire": "nmr_ethereum_bc1c8b5d",
  "ocean_ethereum_1abd4fcf": "ocean_ethereum_1abd4fcf",
  "olympusv2": "ohm_ethereum_bb18eb15",
  "omisego": "omg_ethereum_aa3d661e",
  "oneinch": "1inch_ethereum_009e48d1",
  "orca_solana": "orca_solana_4d21991d",
  "pancakeswap": "cake_bsc_42ae7c88",
  "paxgold": "paxg_ethereum_422c5088",
  "paxos": "usdp_ethereum_8d6b3a60",
  "pepe_tronmainnet_3ce07bc1": "pepe_tronmainnet_e389e208",
  "pillar": "plr_ethereum_8e863e87",
  "poet": "poe_ethereum_e4a6b0a3",
  "poli_solana_0cc3745c": "poli_solana_0cc3745c",
  "polygon": "matic_ethereum_eaf73fca",
  "polymath": "poly_ethereum_47afc0e5",
  "populous": "ppt_ethereum_56e281fc",
  "powerledger": "powr_ethereum_06a4322c",
  "puss_tronmainnet_20e7b88a": "puss_tronmainnet_1ec06a6b",
  "qash": "qash_ethereum_2ca0383c",
  "qtum": "qtum_ethereum_e0149c3c",
  "quant": "qnt_ethereum_4ae0bf03",
  "quantstamp": "qsp_ethereum_575fb400",
  "raiden": "rdn_ethereum_144c7452",
  "rarible": "rari_ethereum_8965d121",
  "raydium": "4k3d_solana_0b1e2a7c",
  "ren": "ren_ethereum_8df3115b",
  "render": "rndr_ethereum_5f75b52b",
  "request": "req_ethereum_7f2ae41b",
  "revain": "r_ethereum_58f2db7c",
  "revainnew": "rev_ethereum_3a8ed3f2",
  "ripio": "rcn_ethereum_8ebf0547",
  "rivetz": "rvt_ethereum_670686e3",
  "salt": "salt_ethereum_d0f0b956",
  "sandbox": "sand_ethereum_a028642f",
  "santiment": "san_ethereum_f695eaf3",
  "serum": "srmu_solana_211c001f",
  "shibainu": "shib_ethereum_e1f0156d",
  "shibainu_bsc": "shib_bsc_f156f951",
  "singulardtv": "sngls_ethereum_f2094439",
  "smile_algorand": "smile_algorand_94160a21",
  "smoothlovepotion": "slp_ethereum_f884d64d",
  "smoothlovepotion_solana": "4hpn_solana_cf13d3eb",
  "snx": "snx_ethereum_dc32bf57",
  "soeth_solana": "2fpy_solana_e21daf30",
  "sportx": "sx_ethereum_f3d9914c",
  "sportx_matic": "sx_matic_fcc45052",
  "staratlas_solana": "atla_solana_06713d59",
  "status": "snt_ethereum_181cbd8b",
  "stbl_algorand": "stbl_algorand_e2938b0d",
  "steth": "steth_ethereum_ef1101bb",
  "stg_ethereum_c452a2b2": "stg_ethereum_c452a2b2",
  "storj": "storj_ethereum_94e656b3",
  "storm": "storm_ethereum_20484f82",
  "strx_tronmainnet_37138eb2": "strx_tronmainnet_9253bfb8",
  "sun_tron": "sun_tronmainnet_2a2fe255",
  "sun_tronmainnet_2a2fe255": "sun_tronmainnet_935840b3",
  "super": "super_ethereum_9d758c63",
  "sushiswap": "sushi_ethereum_e0dfc503",
  "taas": "taas_ethereum_a93796e9",
  "tenx": "pay_ethereum_e9bb4b1d",
  "tetherusd": "usdt_ethereum_a2a72fc3",
  "tetherusd_algorand": "usdt_algorand_323d502d",
  "tetherusd_solana": "es9v_solana_0bede989",
  "tetherusd_tron": "usdt_tronmainnet_db240608",
  "thegraph": "grt_ethereum_f0ec8dcb",
  "thegraph_solana": "hgsl_solana_8d266371",
  "timenewbank": "tnb_ethereum_6377a610",
  "tinyusdc_algorand": "tmpool11_algorand_9334e8b2",
  "trueusd": "tusd_ethereum_e462e156",
  "tulip_solana": "tuli_solana_fee5eeeb",
  "tusd_tronmainnet_0a1823a1": "tusd_tronmainnet_0d7f2f01",
  "uma": "uma_ethereum_a9285fc7",
  "uniswap": "uni_ethereum_d1640696",
  "usdc_ethereumarbone_16358596": "usdc_ethereumarbone_16358596",
  "usdc_fantommainnet_a32ec2ec": "usdc_fantommainnet_a32ec2ec",
  "usdc_matic_2c5a7c50": "usdc_matic_2c5a7c50",
  "usdc_optimism_574f1c42": "usdc_optimism_574f1c42",
  "usdcoin": "usdc_ethereum_50a85959",
  "usdcoin_algorand": "usdc_algorand_aa226fa2",
  "usdcoin_bsc": "usdc_bsc_6d91fac9",
  "usdcoin_solana": "epjf_solana_affa629e",
  "usdcoin_tron": "usdc_tronmainnet_a4452102",
  "usdd_tron": "usdd_tronmainnet_9a885315",
  "usdd_tronmainnet_09d9fa29": "usdd_tronmainnet_433616a0",
  "usdd_tronmainnet_9a885315": "usdd_tronmainnet_f9ab4319",
  "usdt_ethereumarbone_efa95268": "usdt_ethereumarbone_efa95268",
  "verasity": "vra_ethereum_ab16bd01",
  "veritaseum": "veri_ethereum_ae13644d",
  "viberate": "vib_ethereum_0c12f8cc",
  "voyager": "vgx_ethereum_693ed8a5",
  "wax": "wax_ethereum_b0127f55",
  "wbtc": "wbtc_ethereum_9b322052",
  "weth": "weth_ethereum_1bd7b2bd",
  "weth_matic": "weth_matic_931cb9c7",
  "wetrust": "trst_ethereum_adad239f",
  "wings": "wings_ethereum_92d2151a",
  "yfi": "yfi_ethereum_0257c2a1",
  "ygg": "ygg_ethereum_ef892c32",
  "yieldly_algorand": "yldy_algorand_f3e9c78b",
  "zerox": "zrx_ethereum_d9d1ffb9",
}
`;
